[spark.bootlab.io/dashboard-default.html]
[backblue.gif]
[fade.gif]
[index.html]
[spark.bootlab.io/js/settings.js]
[spark.bootlab.io/index.html]
[spark.bootlab.io/img/avatars/avatar.jpg]
[spark.bootlab.io/dashboard-analytics.html]
[spark.bootlab.io/dashboard-e-commerce.html]
[spark.bootlab.io/pages-settings.html]
[spark.bootlab.io/pages-clients.html]
[spark.bootlab.io/pages-invoice.html]
[spark.bootlab.io/pages-pricing.html]
[spark.bootlab.io/pages-tasks.html]
[spark.bootlab.io/pages-chat.html]
[spark.bootlab.io/pages-blank.html]
[spark.bootlab.io/pages-sign-in.html]
[spark.bootlab.io/pages-sign-up.html]
[spark.bootlab.io/pages-reset-password.html]
[spark.bootlab.io/pages-404.html]
[spark.bootlab.io/pages-500.html]
[spark.bootlab.io/ui-alerts.html]
[spark.bootlab.io/ui-buttons.html]
[spark.bootlab.io/ui-cards.html]
[spark.bootlab.io/ui-general.html]
[spark.bootlab.io/ui-grid.html]
[spark.bootlab.io/ui-modals.html]
[spark.bootlab.io/ui-offcanvas.html]
[spark.bootlab.io/ui-placeholders.html]
[spark.bootlab.io/ui-notifications.html]
[spark.bootlab.io/ui-tabs.html]
[spark.bootlab.io/ui-typography.html]
[spark.bootlab.io/charts-chartjs.html]
[spark.bootlab.io/charts-apexcharts.html]
[spark.bootlab.io/forms-layouts.html]
[spark.bootlab.io/forms-basic-elements.html]
[spark.bootlab.io/forms-advanced-elements.html]
[spark.bootlab.io/forms-floating-labels.html]
[spark.bootlab.io/forms-input-groups.html]
[spark.bootlab.io/forms-editors.html]
[spark.bootlab.io/forms-validation.html]
[spark.bootlab.io/forms-wizard.html]
[spark.bootlab.io/tables-bootstrap.html]
[spark.bootlab.io/tables-datatables-responsive.html]
[spark.bootlab.io/tables-datatables-buttons.html]
[spark.bootlab.io/tables-datatables-column-search.html]
[spark.bootlab.io/tables-datatables-fixed-header.html]
[spark.bootlab.io/tables-datatables-multi.html]
[spark.bootlab.io/tables-datatables-ajax.html]
[spark.bootlab.io/icons-feather.html]
[spark.bootlab.io/icons-ion.html]
[spark.bootlab.io/icons-font-awesome.html]
[spark.bootlab.io/calendar.html]
[spark.bootlab.io/maps-google.html]
[spark.bootlab.io/maps-vector.html]
[spark.bootlab.io/docs-getting-started.html]
[spark.bootlab.io/docs-plugins.html]
[spark.bootlab.io/docs-changelog.html]
[spark.bootlab.io/img/avatars/avatar-5.jpg]
[spark.bootlab.io/img/avatars/avatar-3.jpg]
[spark.bootlab.io/img/avatars/avatar-2.jpg]
[spark.bootlab.io/img/avatars/avatar-4.jpg]
[spark.bootlab.io/dashboard-default.html]
[spark.bootlab.io/img/brands/bootstrap.png]
[spark.bootlab.io/css/modern.css]
[spark.bootlab.io/img/brands/sass.svg]
[spark.bootlab.io/dashboard-default2a29.html]
[spark.bootlab.io/img/screenshots/modern.png]
[spark.bootlab.io/dashboard-default6a08.html]
[spark.bootlab.io/img/screenshots/light.png]
[spark.bootlab.io/js/app.js]
[spark.bootlab.io/dashboard-default4965.html]
[spark.bootlab.io/img/screenshots/dark.png]
[spark.bootlab.io/img/screenshots/dashboard-default.png]
[spark.bootlab.io/img/screenshots/dashboard-analytics.png]
[spark.bootlab.io/img/screenshots/dashboard-e-commerce.png]
[spark.bootlab.io/img/brands/b.svg]
[spark.bootlab.io/index.html]
[spark.bootlab.io/dashboard-analytics.html]
[spark.bootlab.io/dashboard-e-commerce.html]
[spark.bootlab.io/pages-settings.html]
[spark.bootlab.io/pages-clients.html]
[spark.bootlab.io/pages-invoice.html]
[spark.bootlab.io/pages-pricing.html]
[spark.bootlab.io/pages-tasks.html]
[spark.bootlab.io/pages-chat.html]
[spark.bootlab.io/pages-blank.html]
[spark.bootlab.io/pages-sign-in.html]
[spark.bootlab.io/pages-sign-up.html]
[spark.bootlab.io/pages-reset-password.html]
[spark.bootlab.io/pages-404.html]
[spark.bootlab.io/pages-500.html]
[spark.bootlab.io/ui-alerts.html]
[spark.bootlab.io/ui-buttons.html]
[spark.bootlab.io/img/photos/unsplash-1.jpg]
[spark.bootlab.io/img/photos/unsplash-2.jpg]
[spark.bootlab.io/img/photos/unsplash-3.jpg]
[spark.bootlab.io/ui-cards.html]
[spark.bootlab.io/ui-general.html]
[spark.bootlab.io/ui-grid.html]
[spark.bootlab.io/ui-modals.html]
[spark.bootlab.io/ui-offcanvas.html]
[spark.bootlab.io/ui-placeholders.html]
[spark.bootlab.io/ui-notifications.html]
[spark.bootlab.io/ui-tabs.html]
[spark.bootlab.io/ui-typography.html]
[spark.bootlab.io/charts-chartjs.html]
[spark.bootlab.io/charts-apexcharts.html]
[spark.bootlab.io/forms-layouts.html]
[spark.bootlab.io/forms-basic-elements.html]
[spark.bootlab.io/forms-advanced-elements.html]
[spark.bootlab.io/forms-floating-labels.html]
[spark.bootlab.io/forms-input-groups.html]
[spark.bootlab.io/forms-editors.html]
[spark.bootlab.io/forms-validation.html]
[spark.bootlab.io/forms-wizard.html]
[spark.bootlab.io/tables-bootstrap.html]
[spark.bootlab.io/tables-datatables-responsive.html]
[spark.bootlab.io/tables-datatables-buttons.html]
[spark.bootlab.io/tables-datatables-column-search.html]
[spark.bootlab.io/tables-datatables-fixed-header.html]
[spark.bootlab.io/tables-datatables-multi.html]
[spark.bootlab.io/tables-datatables-ajax.html]
[spark.bootlab.io/icons-feather.html]
[spark.bootlab.io/icons-ion.html]
[spark.bootlab.io/icons-font-awesome.html]
[spark.bootlab.io/calendar.html]
[spark.bootlab.io/maps-google.html]
[spark.bootlab.io/maps-vector.html]
[spark.bootlab.io/docs-getting-started.html]
[spark.bootlab.io/docs-plugins.html]
[spark.bootlab.io/docs-changelog.html]
[cdnjs.cloudflare.com/ajax/libs/highlight.js/9.12.0/highlight.min.js]
[spark.bootlab.io/fonts/fa-brands-400.woff2]
[spark.bootlab.io/index-2.html]
[spark.bootlab.io/fonts/fa-brands-400.ttf]
[spark.bootlab.io/fonts/fa-regular-400.woff2]
[spark.bootlab.io/fonts/fa-regular-400.ttf]
[spark.bootlab.io/fonts/fa-solid-900.woff2]
[spark.bootlab.io/fonts/fa-solid-900.ttf]
[spark.bootlab.io/fonts/ionicons.eot]
[spark.bootlab.io/fonts/ionicons.woff2]
[spark.bootlab.io/fonts/ionicons.woff]
[spark.bootlab.io/fonts/ionicons.ttf]
[spark.bootlab.io/css/modern.css]
[spark.bootlab.io/img/brands/sass.svg]
[spark.bootlab.io/img/brands/webpack.svg]
[spark.bootlab.io/img/brands/npm.svg]
[spark.bootlab.io/dashboard-default2a29.html]
[spark.bootlab.io/dashboard-default6a08.html]
[spark.bootlab.io/dashboard-default4965.html]
[spark.bootlab.io/img/brands/b.svg]
[spark.bootlab.io/index-2.html]
[spark.bootlab.io/fonts/ionicons.svg]
[spark.bootlab.io/fonts/ionicons.svg]
