[themesdesign.in/oxhen/layouts/index-1.html]
[backblue.gif]
[fade.gif]
[index.html]
[themesdesign.in/oxhen/layouts/images/favicon.ico]
[themesdesign.in/oxhen/layouts/css/bootstrap.min.css]
[themesdesign.in/oxhen/layouts/css/aos.css]
[themesdesign.in/oxhen/layouts/css/swiper-bundle.min.css]
[themesdesign.in/oxhen/layouts/css/materialdesignicons.min.css]
[themesdesign.in/oxhen/layouts/css/style.min.css]
[themesdesign.in/oxhen/layouts/images/logo-light.png]
[themesdesign.in/oxhen/layouts/images/logo-dark.png]
[themesdesign.in/oxhen/layouts/images/google.jpg]
[themesdesign.in/oxhen/layouts/images/feature1.png]
[themesdesign.in/oxhen/layouts/images/feature2.png]
[themesdesign.in/oxhen/layouts/images/user/user1.png]
[themesdesign.in/oxhen/layouts/images/quote.png]
[themesdesign.in/oxhen/layouts/images/user/user2.png]
[themesdesign.in/oxhen/layouts/images/user/user.png]
[themesdesign.in/oxhen/layouts/images/user/user3.png]
[themesdesign.in/oxhen/layouts/js/counter.js]
[themesdesign.in/oxhen/layouts/js/bootstrap.bundle.min.js]
[themesdesign.in/oxhen/layouts/js/aos.js]
[themesdesign.in/oxhen/layouts/js/swiper-bundle.min.js]
[themesdesign.in/oxhen/layouts/js/contact.js]
[themesdesign.in/oxhen/layouts/js/particles.min.js]
[themesdesign.in/oxhen/layouts/index-1.html]
[themesdesign.in/oxhen/layouts/js/app.js]
[themesdesign.in/oxhen/layouts/css/bootstrap.min.css]
[themesdesign.in/oxhen/layouts/css/aos.css]
[themesdesign.in/oxhen/layouts/css/swiper-bundle.min.css]
[themesdesign.in/oxhen/layouts/fonts/materialdesignicons-webfontd6e4.eot]
[themesdesign.in/oxhen/layouts/fonts/materialdesignicons-webfontd41d.eot]
[themesdesign.in/oxhen/layouts/fonts/materialdesignicons-webfontd6e4.woff]
[themesdesign.in/oxhen/layouts/fonts/materialdesignicons-webfontd6e4.ttf]
[themesdesign.in/oxhen/layouts/css/materialdesignicons.min.css]
[themesdesign.in/oxhen/layouts/images/home-1.png]
[themesdesign.in/oxhen/layouts/images/home-2.jpg]
[themesdesign.in/oxhen/layouts/images/home-3.png]
[themesdesign.in/oxhen/layouts/images/home-6bg.png]
[themesdesign.in/oxhen/layouts/images/cta.jpg]
[themesdesign.in/oxhen/layouts/css/style.min.css]
[themesdesign.in/oxhen/layouts/images/github.svg]
[themesdesign.in/oxhen/layouts/images/gitlab.svg]
[themesdesign.in/oxhen/layouts/images/linkedin.svg]
[themesdesign.in/oxhen/layouts/images/instagram.svg]
[themesdesign.in/oxhen/layouts/fonts/materialdesignicons-webfontd6e4.html]
